../Core/Src/main.c:30:10:AmbientIntensity	24	static
../Core/Src/main.c:36:5:main	8	static
../Core/Src/main.c:65:6:HAL_ADC_ConvCpltCallback	16	static
../Core/Src/main.c:88:6:SystemClock_Config	88	static
../Core/Src/main.c:135:13:MX_ADC1_Init	24	static
../Core/Src/main.c:182:13:MX_TIM2_Init	64	static
../Core/Src/main.c:241:13:MX_TIM3_Init	32	static
../Core/Src/main.c:286:13:MX_USART1_UART_Init	8	static
../Core/Src/main.c:317:13:MX_DMA_Init	16	static
../Core/Src/main.c:335:13:MX_GPIO_Init	16	static
../Core/Src/main.c:356:6:Error_Handler	4	static,ignoring_inline_asm
